\BOOKMARK [1][-]{section.1}{\376\377\000I\000n\000t\000r\000o\000d\000u\000c\000t\000i\000o\000n}{}% 1
\BOOKMARK [1][-]{section.11}{\376\377\000G\000e\000n\000e\000r\000i\000c\000\040\000s\000e\000c\000t\000i\000o\000n}{}% 2
\BOOKMARK [2][-]{subsection.12}{\376\377\000G\000e\000n\000e\000r\000i\000c\000\040\000s\000u\000b\000s\000e\000c\000t\000i\000o\000n}{section.11}% 3
\BOOKMARK [2][-]{subsection.14}{\376\377\000S\000u\000b\000s\000e\000c\000t\000i\000o\000n\000\040\000w\000i\000t\000h\000\040\000r\000e\000f\000e\000r\000e\000n\000c\000e\000s}{section.11}% 4
\BOOKMARK [2][-]{subsection.15}{\376\377\000S\000u\000b\000s\000e\000c\000t\000i\000o\000n\000\040\000w\000i\000t\000h\000\040\000p\000a\000r\000a\000g\000r\000a\000p\000h\000s}{section.11}% 5
\BOOKMARK [2][-]{subsection.18}{\376\377\000S\000u\000b\000s\000e\000c\000t\000i\000o\000n\000\040\000w\000i\000t\000h\000\040\000U\000R\000L}{section.11}% 6
\BOOKMARK [1][-]{section.19}{\376\377\000S\000e\000c\000t\000i\000o\000n\000\040\000w\000i\000t\000h\000\040\000m\000a\000t\000h}{}% 7
\BOOKMARK [2][-]{subsection.20}{\376\377\000R\000o\000m\000a\000n\000\040\000l\000e\000t\000t\000e\000r\000s}{section.19}% 8
\BOOKMARK [2][-]{subsection.21}{\376\377\000D\000i\000g\000i\000t\000s}{section.19}% 9
\BOOKMARK [2][-]{subsection.22}{\376\377\000G\000r\000e\000e\000k\000\040\000l\000e\000t\000t\000e\000r\000s}{section.19}% 10
\BOOKMARK [2][-]{subsection.24}{\376\377\000C\000a\000l\000l\000i\000g\000r\000a\000p\000h\000i\000c\000\040\000l\000e\000t\000t\000e\000r\000s}{section.19}% 11
\BOOKMARK [2][-]{subsection.25}{\376\377\000B\000l\000a\000c\000k\000b\000o\000a\000r\000d\000-\000b\000o\000l\000d\000\040\000l\000e\000t\000t\000e\000r\000s}{section.19}% 12
\BOOKMARK [2][-]{subsection.26}{\376\377\000S\000y\000m\000b\000o\000l\000s}{section.19}% 13
\BOOKMARK [2][-]{subsection.27}{\376\377\000B\000o\000l\000d\000\040\000c\000h\000a\000r\000a\000c\000t\000e\000r\000s}{section.19}% 14
\BOOKMARK [2][-]{subsection.28}{\376\377\000O\000p\000e\000r\000a\000t\000o\000r\000s}{section.19}% 15
\BOOKMARK [2][-]{subsection.29}{\376\377\000S\000o\000m\000e\000\040\000e\000q\000u\000a\000t\000i\000o\000n\000s}{section.19}% 16
\BOOKMARK [2][-]{subsection.30}{\376\377\000T\000h\000e\000o\000r\000e\000m\000s\000,\000\040\000p\000r\000o\000p\000o\000s\000i\000t\000i\000o\000n\000s\000,\000\040\000l\000e\000m\000m\000a\000s\000,\000\040\000a\000n\000d\000\040\000o\000t\000h\000e\000r\000\040\000r\000e\000s\000u\000l\000t\000s}{section.19}% 17
\BOOKMARK [1][-]{section.38}{\376\377\000S\000e\000c\000t\000i\000o\000n\000\040\000w\000i\000t\000h\000\040\000l\000i\000s\000t\000s}{}% 18
\BOOKMARK [2][-]{subsection.39}{\376\377\000S\000u\000b\000s\000e\000c\000t\000i\000o\000n\000\040\000w\000i\000t\000h\000\040\000i\000t\000e\000m\000i\000z\000e\000d\000\040\000l\000i\000s\000t\000s}{section.38}% 19
\BOOKMARK [2][-]{subsection.40}{\376\377\000S\000u\000b\000s\000e\000c\000t\000i\000o\000n\000\040\000w\000i\000t\000h\000\040\000n\000u\000m\000b\000e\000r\000e\000d\000\040\000l\000i\000s\000t\000s}{section.38}% 20
\BOOKMARK [1][-]{section.49}{\376\377\000S\000e\000c\000t\000i\000o\000n\000\040\000w\000i\000t\000h\000\040\000g\000r\000a\000p\000h\000s}{}% 21
\BOOKMARK [2][-]{subsection.50}{\376\377\000S\000u\000b\000s\000e\000c\000t\000i\000o\000n\000\040\000w\000i\000t\000h\000\040\000g\000r\000a\000p\000h\000s\000\040\000a\000t\000\040\000t\000h\000e\000\040\000t\000o\000p\000\040\000o\000f\000\040\000t\000h\000e\000\040\000p\000a\000g\000e}{section.49}% 22
\BOOKMARK [2][-]{subsection.52}{\376\377\000R\000e\000f\000e\000r\000e\000n\000c\000e\000s\000\040\000t\000o\000\040\000f\000i\000g\000u\000r\000e\000s\000\040\000a\000n\000d\000\040\000p\000a\000n\000e\000l\000s}{section.49}% 23
\BOOKMARK [2][-]{subsection.53}{\376\377\000A\000\040\000s\000u\000b\000s\000e\000c\000t\000i\000o\000n\000\040\000w\000i\000t\000h\000\040\000a\000\040\000f\000u\000l\000l\000-\000p\000a\000g\000e\000\040\000f\000i\000g\000u\000r\000e}{section.49}% 24
\BOOKMARK [1][-]{section.55}{\376\377\000A\000\040\000s\000e\000c\000t\000i\000o\000n\000\040\000w\000i\000t\000h\000\040\000t\000a\000b\000l\000e}{}% 25
\BOOKMARK [2][-]{subsection.56}{\376\377\000A\000\040\000s\000u\000b\000s\000e\000c\000t\000i\000o\000n\000\040\000w\000i\000t\000h\000\040\000a\000\040\000s\000i\000m\000p\000l\000e\000\040\000t\000a\000b\000l\000e}{section.55}% 26
\BOOKMARK [2][-]{subsection.58}{\376\377\000A\000\040\000s\000u\000b\000s\000e\000c\000t\000i\000o\000n\000\040\000w\000i\000t\000h\000\040\000a\000\040\000m\000u\000l\000t\000i\000-\000p\000a\000n\000e\000l\000\040\000t\000a\000b\000l\000e}{section.55}% 27
\BOOKMARK [1][-]{section.60}{\376\377\000A\000\040\000s\000e\000c\000t\000i\000o\000n\000\040\000w\000i\000t\000h\000\040\000c\000r\000o\000s\000s\000-\000r\000e\000f\000e\000r\000e\000n\000c\000e\000s}{}% 28
\BOOKMARK [1][-]{section.61}{\376\377\000Q\000u\000o\000t\000e\000s}{}% 29
\BOOKMARK [1][-]{section.62}{\376\377\000C\000o\000n\000c\000l\000u\000s\000i\000o\000n}{}% 30
\BOOKMARK [1][-]{appendix.66}{\376\377\000G\000e\000n\000e\000r\000i\000c\000\040\000a\000p\000p\000e\000n\000d\000i\000x}{}% 31
\BOOKMARK [2][-]{subsection.67}{\376\377\000G\000e\000n\000e\000r\000i\000c\000\040\000s\000u\000b\000s\000e\000c\000t\000i\000o\000n}{appendix.66}% 32
\BOOKMARK [2][-]{subsection.68}{\376\377\000S\000u\000b\000s\000e\000c\000t\000i\000o\000n\000\040\000w\000i\000t\000h\000\040\000a\000s\000s\000u\000m\000p\000t\000i\000o\000n\000s\000\040\000a\000n\000d\000\040\000r\000e\000s\000u\000l\000t\000s}{appendix.66}% 33
\BOOKMARK [2][-]{subsection.73}{\376\377\000A\000\040\000s\000u\000b\000s\000e\000c\000t\000i\000o\000n\000\040\000w\000i\000t\000h\000\040\000m\000a\000t\000h}{appendix.66}% 34
\BOOKMARK [1][-]{appendix.76}{\376\377\000A\000n\000o\000t\000h\000e\000r\000\040\000a\000p\000p\000e\000n\000d\000i\000x}{}% 35
\BOOKMARK [2][-]{subsection.77}{\376\377\000L\000a\000r\000g\000e\000r\000\040\000f\000i\000g\000u\000r\000e\000,\000\040\000w\000i\000t\000h\000o\000u\000t\000\040\000p\000a\000n\000e\000l\000,\000\040\000i\000n\000\040\000t\000h\000e\000\040\000a\000p\000p\000e\000n\000d\000i\000x}{appendix.76}% 36
\BOOKMARK [2][-]{subsection.79}{\376\377\000S\000u\000b\000s\000e\000c\000t\000i\000o\000n\000\040\000w\000i\000t\000h\000\040\000r\000e\000f\000e\000r\000e\000n\000c\000e\000s}{appendix.76}% 37
\BOOKMARK [2][-]{subsection.80}{\376\377\000S\000u\000b\000s\000e\000c\000t\000i\000o\000n\000\040\000w\000i\000t\000h\000\040\000a\000\040\000f\000o\000o\000n\000o\000t\000e}{appendix.76}% 38
\BOOKMARK [1][-]{appendix.82}{\376\377\000L\000a\000s\000t\000\040\000a\000p\000p\000e\000n\000d\000i\000x\000\040\000w\000i\000t\000h\000\040\000t\000e\000x\000t}{}% 39
\BOOKMARK [2][-]{subsection.83}{\376\377\000A\000\040\000f\000i\000r\000s\000t\000\040\000s\000u\000b\000s\000e\000c\000t\000i\000o\000n}{appendix.82}% 40
\BOOKMARK [2][-]{subsection.84}{\376\377\000A\000\040\000s\000e\000c\000o\000n\000d\000\040\000s\000u\000b\000s\000e\000c\000t\000i\000o\000n}{appendix.82}% 41
\BOOKMARK [2][-]{subsection.86}{\376\377\000A\000\040\000t\000h\000i\000r\000d\000\040\000s\000u\000b\000s\000e\000c\000t\000i\000o\000n}{appendix.82}% 42
